I'm sorry, but errors were detected in your script. Please correct the
errors listed below, and try again.


File "game/script.rpy", line 24: Tab characters are not allowed in Ren'Py scripts.

Ren'Py Version: Ren'Py 7.4.11.2266
Tue Mar 29 13:01:14 2022
